0 verbose cli C:\Program Files\nodejs\node.exe C:\Users\skk88\AppData\Roaming\npm\node_modules\npm\bin\npm-cli.js
1 info using npm@11.15.0
2 info using node@v24.13.1
3 silly config load:file:C:\Users\skk88\AppData\Roaming\npm\node_modules\npm\npmrc
4 silly config load:file:C:\projects\genai\Automated Code Reviewer\frontend\.npmrc
5 silly config load:file:C:\Users\skk88\.npmrc
6 silly config load:file:C:\Users\skk88\AppData\Roaming\npm\etc\npmrc
7 verbose title npm list
8 verbose argv "list" "--depth" "0"
9 verbose logfile logs-max:10 dir:C:\projects\genai\Automated Code Reviewer\frontend\clean\_logs\2026-05-21T12_32_37_173Z-
10 verbose logfile C:\projects\genai\Automated Code Reviewer\frontend\clean\_logs\2026-05-21T12_32_37_173Z-debug-0.log
11 silly logfile done cleaning log files
12 silly packumentCache heap:4496293888 maxSize:1124073472 maxEntrySize:562036736
13 verbose shrinkwrap failed to load node_modules/.package-lock.json out of date, updated: node_modules
14 verbose cwd C:\projects\genai\Automated Code Reviewer\frontend
15 verbose os Windows_NT 10.0.26200
16 verbose node v24.13.1
17 verbose npm  v11.15.0
18 verbose exit 0
19 info ok
